2026-08-09T22:08:07Z INF Thank you for trying Cloudflare Tunnel. Doing so, without a Cloudflare account, is a quick way to experiment and try it out. However, be aware that these account-less Tunnels have no uptime guarantee, are subject to the Cloudflare Online Services Terms of Use (https://www.cloudflare.com/website-terms/), and Cloudflare reserves the right to investigate your use of Tunnels for violations of such terms. If you intend to use Tunnels in production you should use a pre-created named tunnel by following: https://developers.cloudflare.com/cloudflare-one/connections/connect-apps
2026-08-09T22:08:07Z INF Requesting new quick Tunnel on trycloudflare.com...
2026-08-09T22:08:14Z INF +--------------------------------------------------------------------------------------------+
2026-08-09T22:08:14Z INF |  Your quick Tunnel has been created! Visit it at (it may take some time to be reachable):  |
2026-08-09T22:08:14Z INF |  https://stuck-beats-interstate-vacuum.trycloudflare.com                                   |
2026-08-09T22:08:14Z INF +--------------------------------------------------------------------------------------------+
2026-08-09T22:08:14Z INF Cannot determine default configuration path. No file [config.yml config.yaml] in [~/.cloudflared ~/.cloudflare-warp ~/cloudflare-warp]
2026-08-09T22:08:14Z INF Version 2026.7.3 (Checksum 8635da433b6df8194746e88ed9d2589566c20e38bfc2a80e431a348b7c765841)
2026-08-09T22:08:14Z INF GOOS: windows, GOVersion: go1.26.4, GoArch: amd64
2026-08-09T22:08:14Z INF Settings: map[ha-connections:1 no-autoupdate:true protocol:quic url:http://127.0.0.1:5050]
2026-08-09T22:08:14Z INF cloudflared will not automatically update on Windows systems.
2026-08-09T22:08:14Z INF Generated Connector ID: 8d5f35fc-b07d-44d1-beaf-553c24ea270f
2026-08-09T22:08:14Z INF Initial protocol quic
2026-08-09T22:08:14Z INF ICMP proxy will use 192.168.2.113 as source for IPv4
2026-08-09T22:08:14Z INF ICMP proxy will use fe80::c7eb:15a9:b2eb:9bed in zone Wi-Fi as source for IPv6
2026-08-09T22:08:14Z INF cloudflared does not support loading the system root certificate pool on Windows. Please use --origin-ca-pool <PATH> to specify the path to the certificate pool
2026-08-09T22:08:14Z INF ICMP proxy will use 192.168.2.113 as source for IPv4
2026-08-09T22:08:14Z INF Tunnel connection curve preferences: [X25519MLKEM768 CurveID(65074) CurveP256] connIndex=0 event=0 ip=198.41.200.23
2026-08-09T22:08:15Z INF ICMP proxy will use fe80::c7eb:15a9:b2eb:9bed in zone Wi-Fi as source for IPv6
2026-08-09T22:08:15Z INF Starting metrics server on 127.0.0.1:20241/metrics
2026-08-09T22:08:15Z INF +-------------------------------------------------------------------------------------+
2026-08-09T22:08:15Z INF |                               CONNECTIVITY PRE-CHECKS                               |
2026-08-09T22:08:15Z INF +-------------------------------------------------------------------------------------+
2026-08-09T22:08:15Z INF |  COMPONENT         TARGET                     STATUS  DETAILS                       |
2026-08-09T22:08:15Z INF |  DNS Resolution    region1.v2.argotunnel.com  PASS    DNS Resolved successfully     |
2026-08-09T22:08:15Z INF |  DNS Resolution    region2.v2.argotunnel.com  PASS    DNS Resolved successfully     |
2026-08-09T22:08:15Z INF |  UDP Connectivity  region1.v2.argotunnel.com  PASS    QUIC connection successful    |
2026-08-09T22:08:15Z INF |  UDP Connectivity  region2.v2.argotunnel.com  PASS    QUIC connection successful    |
2026-08-09T22:08:15Z INF |  TCP Connectivity  region1.v2.argotunnel.com  PASS    HTTP/2 connection successful  |
2026-08-09T22:08:15Z INF |  TCP Connectivity  region2.v2.argotunnel.com  PASS    HTTP/2 connection successful  |
2026-08-09T22:08:15Z INF |  Cloudflare API    api.cloudflare.com:443     PASS    API is reachable              |
2026-08-09T22:08:15Z INF |                                                                                     |
2026-08-09T22:08:15Z INF |  SUMMARY: Environment is healthy. cloudflared will use 'quic' as primary protocol.  |
2026-08-09T22:08:15Z INF +-------------------------------------------------------------------------------------+
2026-08-09T22:08:15Z INF precheck component="DNS Resolution" details="DNS Resolved successfully" run_id=b2cb8cb4-f4ab-4e21-8d60-9ca77db68c58 status=pass target=region1.v2.argotunnel.com
2026-08-09T22:08:15Z INF precheck component="DNS Resolution" details="DNS Resolved successfully" run_id=b2cb8cb4-f4ab-4e21-8d60-9ca77db68c58 status=pass target=region2.v2.argotunnel.com
2026-08-09T22:08:15Z INF precheck component="UDP Connectivity" details="QUIC connection successful" run_id=b2cb8cb4-f4ab-4e21-8d60-9ca77db68c58 status=pass target=region1.v2.argotunnel.com
2026-08-09T22:08:15Z INF precheck component="UDP Connectivity" details="QUIC connection successful" run_id=b2cb8cb4-f4ab-4e21-8d60-9ca77db68c58 status=pass target=region2.v2.argotunnel.com
2026-08-09T22:08:15Z INF precheck component="TCP Connectivity" details="HTTP/2 connection successful" run_id=b2cb8cb4-f4ab-4e21-8d60-9ca77db68c58 status=pass target=region1.v2.argotunnel.com
2026-08-09T22:08:15Z INF precheck component="TCP Connectivity" details="HTTP/2 connection successful" run_id=b2cb8cb4-f4ab-4e21-8d60-9ca77db68c58 status=pass target=region2.v2.argotunnel.com
2026-08-09T22:08:15Z INF precheck component="Cloudflare API" details="API is reachable" run_id=b2cb8cb4-f4ab-4e21-8d60-9ca77db68c58 status=pass target=api.cloudflare.com:443
2026-08-09T22:08:15Z INF precheck complete hard_fail=false run_id=b2cb8cb4-f4ab-4e21-8d60-9ca77db68c58 suggested_protocol=quic
2026-08-09T22:08:15Z INF Registered tunnel connection connIndex=0 connection=2a4f7b8b-a21f-4b73-8b50-341c9a35ea34 event=0 ip=198.41.200.23 location=gru19 protocol=quic
